---
source: crates/modern_swc_plugins_collection/tests/main.rs
expression: res.code
---
"use strict";
var _objectSpread = require("@swc/helpers/lib/_object_spread.js").default;
var a = {};
var b = _objectSpread({}, a);

